[www.jbhifi.com.au/index.html]
[www.jbhifi.com.au/cdn/shop/files/favicon_7cbca4eb-4222-41b7-a8f8-9dc52b7c4a7c_32x32.png]
[www.jbhifi.com.au/cdn/shop/files/favicon_7cbca4eb-4222-41b7-a8f8-9dc52b7c4a7c_48x48.png]
[www.jbhifi.com.au/cdn/shop/files/favicon_7cbca4eb-4222-41b7-a8f8-9dc52b7c4a7c_128x128.png]
[www.jbhifi.com.au/cdn/shop/files/favicon_7cbca4eb-4222-41b7-a8f8-9dc52b7c4a7c_180x180.png]
[www.jbhifi.com.au/cdn/shop/files/favicon_7cbca4eb-4222-41b7-a8f8-9dc52b7c4a7c_192x192.png]
[backblue.gif]
[fade.gif]
[index.html]
[www.jbhifi.com.au/cdn/shop/t/373/assets/manifest55ef.json]
[cdn.optimizely.com/js/18347140293.js]
[www.jbhifi.com.au/cdn/shop/t/373/assets/vendor.minc864.js]
[www.google.com/recaptcha/enterprise2640.js]
[www.jbhifi.com.au/cdn/shop/t/373/assets/theme.min0d1a.js]
[www.jbhifi.com.au/cdn/shopifycloud/shopify/assets/themes_support/shopify_common-33bb9d312118840468a53f36b59c62c1e8f2b7d1a0a77250db9e300441827470.js]
[www.jbhifi.com.au/cdn/shop/t/373/assets/bundle.66fa877ca0944311aa16.css]
[www.jbhifi.com.au/cdn/shop/t/373/assets/bundle.b599d6ed3c1d689f214d.css]
[www.jbhifi.com.au/cdn/shop/t/373/assets/bundle.b3b532d216eb0a0e1b5a.css]
[www.jbhifi.com.au/cdn/shop/t/373/assets/bundle.9b1ffab4c380d5b2d43e.css]
[www.jbhifi.com.au/cdn/shop/t/373/assets/bundle.0e9980157077d38d0a0e.css]
[www.jbhifi.com.au/cdn/shop/t/373/assets/bundle.a5452a0430e895c3c842.css]
[www.jbhifi.com.au/cdn/shop/t/373/assets/bundle.ce3b6a6e5a4fc77ca546.css]
[www.jbhifi.com.au/cdn/shop/t/373/assets/bundle.runtime6140.js]
[www.jbhifi.com.au/cdn/shop/t/373/assets/bundle.040349a5ab5c66903922.js]
[www.jbhifi.com.au/cdn/shop/t/373/assets/bundle.77120d0882e1079366b2.js]
[www.jbhifi.com.au/cdn/shop/t/373/assets/bundle.c07f2ba53b756b64ae18.js]
[www.jbhifi.com.au/cdn/shop/t/373/assets/bundle.abde943f31c771fe91ff.js]
[www.jbhifi.com.au/cdn/shop/t/373/assets/bundle.d89345026f85e1072a1f.js]
[www.jbhifi.com.au/cdn/shop/t/373/assets/bundle.8f628ca378730930b528.js]
[www.jbhifi.com.au/cdn/shop/t/373/assets/bundle.de3c5c9848173de75de9.js]
[www.jbhifi.com.au/cdn/shop/t/373/assets/bundle.718d8a6487135951c4f8.js]
[www.jbhifi.com.au/cdn/shop/t/373/assets/bundle.cef14ef545304f687145.js]
[www.jbhifi.com.au/cdn/shop/t/373/assets/bundle.b45ba83cf67dc1677ecf.js]
[www.jbhifi.com.au/cdn/shop/t/373/assets/bundle.fab670a768e8b7c01f83.js]
[www.jbhifi.com.au/cdn/shop/t/373/assets/bundle.e74a66f9c7757d94b27f.js]
[www.jbhifi.com.au/cdn/shop/t/373/assets/bundle.c8f26750558c2fdf7544.js]
[www.jbhifi.com.au/cdn/shop/t/373/assets/bundle.29897ac8cba7d76ff0db.js]
[www.jbhifi.com.au/cdn/shop/t/373/assets/bundle.a7c41a2b0297d2e3a531.js]
[www.jbhifi.com.au/cdn/shop/t/373/assets/bundle.445073b9d94872570778.js]
[www.jbhifi.com.au/cdn/shop/t/373/assets/bundle.242e41b58060dbd29f65.js]
[www.jbhifi.com.au/cdn/shop/t/373/assets/bundle.424e0369393e0efaf287.js]
[www.jbhifi.com.au/cdn/shop/t/373/assets/bundle.template.index9dc5.js]
[static.klaviyo.com/onsite/js/klaviyo214e.js]
[www.jbhifi.com.au/window.location.toString(]
[www.jbhifi.com.au/checkouts/internal/preloadse2d4.js]
[cdn.shopify.com/shopifycloud/storefront-forms-hcaptcha/ce_storefront_forms_captcha_hcaptcha.v1.5.2.iife.js]
[www.jbhifi.com.au/cdn/shopifycloud/shopify/assets/storefront/load_feature-1060834584ef204397b1179782a1b090047ee4397cb627244ab89e03f65c4307.js]
[www.jbhifi.com.au/cdn/shopifycloud/portable-wallets/latest/portable-wallets.en.js]
[www.jbhifi.com.au/cdn/shopifycloud/portable-wallets/latest/accelerated-checkout-backwards-compat.css]
[static.zdassets.com/ekr/snippet6fb8.js]
[www.jbhifi.com.au/trident/index.html]
[js.monitor.azure.com/scripts/b/ai.3.gbl.min.js]
[www.google-analytics.com/analytics.js]
[connect.facebook.net/en_US/fbevents.js]
[static.klaviyo.com/onsite/js/LQzntR/klaviyo214e.js]
[cdn.shopify.com/extensions/2ab51219-faed-41bd-b9e7-a7a927d8df9f/pagefly-page-builder-145/assets/pagefly-helper.js]
[cdn.shopify.com/extensions/2ab51219-faed-41bd-b9e7-a7a927d8df9f/pagefly-page-builder-145/assets/pagefly-general-helper.js]
[cdn.shopify.com/extensions/2ab51219-faed-41bd-b9e7-a7a927d8df9f/pagefly-page-builder-145/assets/pagefly-snap-slider.js]
[cdn.shopify.com/extensions/2ab51219-faed-41bd-b9e7-a7a927d8df9f/pagefly-page-builder-145/assets/pagefly-slideshow-v3.js]
[cdn.shopify.com/extensions/2ab51219-faed-41bd-b9e7-a7a927d8df9f/pagefly-page-builder-145/assets/pagefly-slideshow-v4.js]
[cdn.shopify.com/extensions/2ab51219-faed-41bd-b9e7-a7a927d8df9f/pagefly-page-builder-145/assets/pagefly-glider.js]
[cdn.shopify.com/extensions/2ab51219-faed-41bd-b9e7-a7a927d8df9f/pagefly-page-builder-145/assets/pagefly-slideshow-v1-v2.js]
[cdn.shopify.com/extensions/2ab51219-faed-41bd-b9e7-a7a927d8df9f/pagefly-page-builder-145/assets/pagefly-product-media.js]
[cdn.shopify.com/extensions/2ab51219-faed-41bd-b9e7-a7a927d8df9f/pagefly-page-builder-145/assets/pagefly-product.js]
[www.jbhifi.com.au/cdn]
[www.jbhifi.com.au/cdn/s/trekkie.storefront.6790784e88524d17bc2df67c3d0c5047adb2d676.min.js]
[www.jbhifi.com.au/cdn/shopifycloud/shopify/assets/shop_events_listener-bbbf3223c550be0dd72914a2fa06aaa88eb8943e96f9ea31fb63e7e27e0f97f4.js]
[www.jbhifi.com.au/cdn/shopifycloud/perf-kit/shopify-perf-kit-1.4.1.min.js]
[www.jbhifi.com.au/GET]
[www.jbhifi.com.au/index.html]
[www.jbhifi.com.au/cdn/shop/t/373/assets/bundle.66fa877ca0944311aa16.css]
[www.jbhifi.com.au/cdn/shop/t/373/assets/bundle.b599d6ed3c1d689f214d.css]
[www.jbhifi.com.au/cdn/shop/t/373/assets/bundle.b3b532d216eb0a0e1b5a.css]
[www.jbhifi.com.au/cdn/shop/t/373/assets/bundle.9b1ffab4c380d5b2d43e.css]
[jbhifi.api.useinsider.com/ins9912.js]
[www.jbhifi.com.au/cdn/shop/files/perks-backgroundbf96.png]
[www.jbhifi.com.au/cdn/shop/t/373/assets/bundle.0e9980157077d38d0a0e.css]
[www.jbhifi.com.au/cdn/shop/files/ask-for-a-deal-background-cropped-prod-v2.jpg]
[www.jbhifi.com.au/cdn/shop/t/373/assets/bundle.a5452a0430e895c3c842.css]
[www.jbhifi.com.au/cdn/shop/t/373/assets/bundle.ce3b6a6e5a4fc77ca546.css]
[www.jbhifi.com.au/window.location.html]
[www.jbhifi.com.au/cdn/shopifycloud/portable-wallets/latest/accelerated-checkout-backwards-compat.css]
[www.jbhifi.com.au/trident/index.html]
[www.googletagmanager.com/gtm5445.html]
[www.jbhifi.com.au/a.6e.delayed]
[www.jbhifi.com.au/b.resolvedLink]
[www.jbhifi.com.au/schema.org/index.html]
[www.jbhifi.com.au/signals/iwl.js]
[connect.facebook.net/en_US/fbevents.js]
[www.jbhifi.com.au/cdn.html]
[www.jbhifi.com.au/GET.html]
[www.jbhifi.com.au/a.html]
[www.jbhifi.com.au/schema.org/index.html]
[www.jbhifi.com.au/b.html]
[www.jbhifi.com.au/signals/iwl.js]
